// Jest Snapshot v1, https://goo.gl/fbAQLP

exports[`SunCard render renders an error if error is present on data 1`] = `
<!---->
      <div class="sun-card-error">
        ERROR
      </div>
    
`;

exports[`SunCard render renders the sun card if no error is present on data 1`] = `
<!---->
      <ha-card>
        <div class="sun-card">
          SUN CARD CONTENT
        </div>
      </ha-card>
    
`;
